// Jest Snapshot v1, https://goo.gl/fbAQLP

exports[`App component renders App 1`] = `
<BrowserRouter>
  <withRouter(Connect(NavBar)) />
  <Switch>
    <Route
      component={[Function]}
      exact={true}
      path="/"
    />
    <Route
      component={
        Object {
          "$$typeof": Symbol(react.memo),
          "WrappedComponent": [Function],
          "compare": null,
          "displayName": "Connect(ErrContainer)",
          "type": [Function],
        }
      }
      path="/search/:searchTerm"
    />
    <Route
      component={
        Object {
          "$$typeof": Symbol(react.memo),
          "WrappedComponent": [Function],
          "compare": null,
          "displayName": "Connect(NewErr)",
          "type": [Function],
        }
      }
      path="/newErr"
    />
    <Route
      component={
        Object {
          "$$typeof": Symbol(react.memo),
          "WrappedComponent": [Function],
          "compare": null,
          "displayName": "Connect(DisplayError)",
          "type": [Function],
        }
      }
      path="/displayErr/:errId"
    />
  </Switch>
</BrowserRouter>
`;
